[three.rudhisasmito.com/msic/template-kit/homepage/index.html]
[backblue.gif]
[fade.gif]
[index.html]
[three.rudhisasmito.com/msic/wp-content/plugins/jeg-elementor-kit/assets/css/elements/mainfc3c.css]
[three.rudhisasmito.com/msic/wp-includes/css/dist/block-library/style.min37ad.css]
[three.rudhisasmito.com/msic/wp-content/plugins/template-kit-export/public/assets/css/template-kit-export-public.min365c.css]
[three.rudhisasmito.com/msic/wp-content/plugins/header-footer-elementor/assets/css/header-footer-elementor1f62.css]
[three.rudhisasmito.com/msic/wp-content/plugins/elementor/assets/lib/eicons/css/elementor-icons.min91ce.css]
[three.rudhisasmito.com/msic/wp-content/plugins/elementor/assets/css/frontend-lite.min2e46.css]
[three.rudhisasmito.com/msic/wp-content/uploads/sites/3/elementor/css/post-95ce8c.css]
[three.rudhisasmito.com/msic/wp-content/uploads/sites/3/elementor/css/post-133554f.css]
[three.rudhisasmito.com/msic/wp-content/plugins/header-footer-elementor/inc/widgets-css/frontend1f62.css]
[three.rudhisasmito.com/msic/wp-content/plugins/elementor/assets/lib/font-awesome/css/all.min2e46.css]
[three.rudhisasmito.com/msic/wp-content/plugins/elementor/assets/lib/font-awesome/css/v4-shims.min2e46.css]
[three.rudhisasmito.com/msic/wp-content/uploads/sites/3/elementor/css/post-358554f.css]
[three.rudhisasmito.com/msic/wp-content/uploads/sites/3/elementor/css/post-363554f.css]
[three.rudhisasmito.com/msic/wp-content/themes/hello-elementor/style.minc141.css]
[three.rudhisasmito.com/msic/wp-content/themes/hello-elementor/theme.minc141.css]
[three.rudhisasmito.com/msic/wp-content/plugins/elementor/assets/lib/font-awesome/css/fontawesome.min52d5.css]
[three.rudhisasmito.com/msic/wp-content/plugins/elementor/assets/lib/font-awesome/css/solid.min52d5.css]
[three.rudhisasmito.com/msic/wp-content/plugins/jeg-elementor-kit/assets/fonts/jkiticon/jkiticonfc3c.css]
[three.rudhisasmito.com/msic/wp-content/plugins/elementor/assets/lib/font-awesome/css/brands.min52d5.css]
[three.rudhisasmito.com/msic/wp-content/plugins/elementor/assets/lib/font-awesome/css/regular.min52d5.css]
[three.rudhisasmito.com/msic/wp-includes/js/jquery/jquery-migrate.mind617.js]
[three.rudhisasmito.com/msic/wp-includes/js/jquery/jquery.minaf6c.js]
[three.rudhisasmito.com/msic/wp-content/plugins/template-kit-export/public/assets/js/template-kit-export-public.min365c.js]
[three.rudhisasmito.com/msic/wp-content/plugins/elementor/assets/lib/font-awesome/js/v4-shims.min2e46.js]
[three.rudhisasmito.com/msic/wp-content/uploads/sites/3/2022/09/cropped-icon-32x32.png]
[three.rudhisasmito.com/msic/wp-content/uploads/sites/3/2022/09/cropped-icon-192x192.png]
[three.rudhisasmito.com/msic/wp-content/uploads/sites/3/2022/09/cropped-icon-180x180.png]
[three.rudhisasmito.com/msic/wp-content/uploads/sites/3/2022/08/logo.png]
[three.rudhisasmito.com/msic/wp-content/uploads/sites/3/elementor/thumbs/hero-8-ptrva9oz011uxpuz3k1zqkhac47sow8d6koc7ug02s.jpg]
[three.rudhisasmito.com/msic/wp-content/uploads/sites/3/elementor/thumbs/hero-14-ptt95p6xbmuzfpwb1n3sfhxqnurnfnytd4own0caxw.jpg]
[three.rudhisasmito.com/msic/wp-content/uploads/sites/3/elementor/thumbs/hero-3-ptrh5cwos6e3232xs2sm9hnzyykm8cw47p7fbn0ew4.jpg]
[three.rudhisasmito.com/msic/wp-content/uploads/sites/3/2022/08/icon-1c.png]
[three.rudhisasmito.com/msic/wp-content/uploads/sites/3/2022/08/icon-2c.png]
[three.rudhisasmito.com/msic/wp-content/uploads/sites/3/2022/08/icon-3c.png]
[three.rudhisasmito.com/msic/wp-content/uploads/sites/3/2022/08/icon-4c.png]
[three.rudhisasmito.com/msic/wp-content/uploads/sites/3/2022/08/icon-5c.png]
[three.rudhisasmito.com/msic/wp-content/uploads/sites/3/2022/08/icon-6c.png]
[three.rudhisasmito.com/msic/wp-content/uploads/sites/3/2022/08/hero-7.jpg]
[three.rudhisasmito.com/msic/wp-content/uploads/sites/3/2022/08/hero-8.jpg]
[three.rudhisasmito.com/msic/wp-content/uploads/sites/3/2022/08/hero-12.jpg]
[three.rudhisasmito.com/msic/wp-content/uploads/sites/3/2022/08/hero-10.jpg]
[three.rudhisasmito.com/msic/wp-content/uploads/sites/3/2022/08/album-4.jpg]
[three.rudhisasmito.com/msic/wp-content/plugins/elementor/assets/css/widget-icon-list.min.css]
[three.rudhisasmito.com/msic/wp-content/uploads/sites/3/2022/08/album-6.jpg]
[three.rudhisasmito.com/msic/wp-content/uploads/sites/3/2022/08/album-2.jpg]
[three.rudhisasmito.com/msic/wp-content/uploads/sites/3/2022/08/album-5.jpg]
[three.rudhisasmito.com/msic/wp-content/uploads/sites/3/2022/08/album-3.jpg]
[three.rudhisasmito.com/msic/wp-content/uploads/sites/3/2022/08/album-1.jpg]
[three.rudhisasmito.com/msic/wp-content/uploads/sites/3/2022/08/testimony-3-150x150.jpg]
[three.rudhisasmito.com/msic/wp-content/uploads/sites/3/2022/08/testimony-2-150x150.jpg]
[three.rudhisasmito.com/msic/wp-content/uploads/sites/3/2022/08/hero-12-800x533.jpg]
[three.rudhisasmito.com/msic/wp-content/uploads/sites/3/2022/07/hero-13-800x533.jpg]
[three.rudhisasmito.com/msic/wp-content/uploads/sites/3/2022/06/hero-14-800x533.jpg]
[three.rudhisasmito.com/msic/wp-content/uploads/sites/3/2022/08/dummy-logo-1b.png]
[three.rudhisasmito.com/msic/wp-content/uploads/sites/3/2022/08/dummy-logo-2b.png]
[three.rudhisasmito.com/msic/wp-content/uploads/sites/3/2022/08/dummy-logo-3b.png]
[three.rudhisasmito.com/msic/wp-content/uploads/sites/3/2022/08/dummy-logo-4b.png]
[three.rudhisasmito.com/msic/wp-content/uploads/sites/3/2022/08/dummy-logo-5b.png]
[three.rudhisasmito.com/msic/wp-content/uploads/sites/3/2022/08/dummy-logo-6b.png]
[three.rudhisasmito.com/msic/wp-content/uploads/sites/3/elementor/css/post-1949633.css]
[three.rudhisasmito.com/msic/wp-content/plugins/metform/public/assets/css/metform-uie1e3.css]
[three.rudhisasmito.com/msic/wp-content/plugins/metform/public/assets/css/stylee1e3.css]
[three.rudhisasmito.com/msic/wp-content/plugins/jeg-elementor-kit/assets/js/tiny-slider/tiny-sliderf342.css]
[three.rudhisasmito.com/msic/wp-content/themes/hello-elementor/assets/js/hello-frontend.min8a54.js]
[three.rudhisasmito.com/msic/wp-content/plugins/elementor/assets/js/webpack.runtime.min2e46.js]
[three.rudhisasmito.com/msic/wp-content/plugins/elementor/assets/js/frontend-modules.min2e46.js]
[three.rudhisasmito.com/msic/wp-content/plugins/elementor/assets/lib/waypoints/waypoints.min05da.js]
[three.rudhisasmito.com/msic/wp-includes/js/jquery/ui/core.min0028.js]
[three.rudhisasmito.com/msic/wp-content/plugins/elementor/assets/js/frontend.min2e46.js]
[three.rudhisasmito.com/msic/wp-content/plugins/jeg-elementor-kit/assets/js/elements/sticky-elementfc3c.js]
[three.rudhisasmito.com/msic/wp-content/plugins/header-footer-elementor/inc/js/frontend1f62.js]
[three.rudhisasmito.com/msic/wp-content/plugins/jeg-elementor-kit/assets/js/goodshare/goodshare.minb5e1.js]
[three.rudhisasmito.com/msic/wp-content/plugins/metform/public/assets/js/htme1e3.js]
[three.rudhisasmito.com/msic/wp-includes/js/dist/vendor/lodash.minf492.js]
[three.rudhisasmito.com/msic/wp-includes/js/dist/vendor/regenerator-runtime.min3937.js]
[three.rudhisasmito.com/msic/wp-includes/js/dist/vendor/react.minbc7c.js]
[three.rudhisasmito.com/msic/wp-includes/js/dist/vendor/wp-polyfill.min2c7c.js]
[three.rudhisasmito.com/msic/wp-includes/js/dist/escape-html.min7a51.js]
[three.rudhisasmito.com/msic/wp-includes/js/dist/element.min6838.js]
[three.rudhisasmito.com/msic/wp-content/plugins/jeg-elementor-kit/assets/js/elements/testimonialsfc3c.js]
[three.rudhisasmito.com/msic/template-kit/homepage/index.html]
[three.rudhisasmito.com/msic/wp-includes/js/dist/vendor/react-dom.minbc7c.js]
[three.rudhisasmito.com/msic/wp-content/plugins/jeg-elementor-kit/assets/js/elements/post-paginationfc3c.js]
[three.rudhisasmito.com/msic/wp-content/plugins/jeg-elementor-kit/assets/css/elements/mainfc3c.css]
[three.rudhisasmito.com/msic/wp-includes/css/dist/block-library/style.min37ad.css]
[three.rudhisasmito.com/msic/wp-content/plugins/template-kit-export/public/assets/css/template-kit-export-public.min365c.css]
[three.rudhisasmito.com/msic/wp-content/plugins/header-footer-elementor/assets/css/header-footer-elementor1f62.css]
[three.rudhisasmito.com/msic/wp-content/plugins/elementor/assets/lib/eicons/css/elementor-icons.min91ce.css]
[three.rudhisasmito.com/msic/wp-content/plugins/elementor/assets/css/frontend-lite.min2e46.css]
[three.rudhisasmito.com/msic/wp-content/uploads/sites/3/elementor/css/post-95ce8c.css]
[three.rudhisasmito.com/msic/wp-content/uploads/sites/3/2022/08/msic_pattern_1.png]
[three.rudhisasmito.com/msic/wp-content/plugins/jeg-elementor-kit/assets/js/tiny-slider/tiny-sliderf342.js]
[three.rudhisasmito.com/msic/wp-content/uploads/sites/3/2022/08/hero-1.jpg]
[three.rudhisasmito.com/msic/wp-content/uploads/sites/3/elementor/css/post-133554f.css]
[three.rudhisasmito.com/msic/wp-content/plugins/header-footer-elementor/inc/widgets-css/frontend1f62.css]
[three.rudhisasmito.com/msic/wp-content/plugins/elementor/assets/lib/font-awesome/css/all.min2e46.css]
[three.rudhisasmito.com/msic/wp-content/plugins/elementor/assets/lib/font-awesome/css/v4-shims.min2e46.css]
[three.rudhisasmito.com/msic/wp-content/uploads/sites/3/elementor/css/post-358554f.css]
[three.rudhisasmito.com/msic/wp-content/uploads/sites/3/elementor/css/post-363554f.css]
[three.rudhisasmito.com/msic/wp-content/themes/hello-elementor/style.minc141.css]
[three.rudhisasmito.com/msic/wp-content/themes/hello-elementor/theme.minc141.css]
[three.rudhisasmito.com/msic/wp-content/plugins/elementor/assets/lib/font-awesome/css/fontawesome.min52d5.css]
[three.rudhisasmito.com/msic/wp-content/plugins/elementor/assets/lib/font-awesome/css/solid.min52d5.css]
[three.rudhisasmito.com/msic/wp-content/plugins/jeg-elementor-kit/assets/fonts/jkiticon/jkiticon7107.eot]
[three.rudhisasmito.com/msic/wp-content/plugins/metform/public/assets/js/appe1e3.js]
[three.rudhisasmito.com/msic/wp-content/plugins/jeg-elementor-kit/assets/fonts/jkiticon/jkiticon7107.ttf]
[three.rudhisasmito.com/msic/wp-content/plugins/jeg-elementor-kit/assets/fonts/jkiticon/jkiticon7107.woff]
[three.rudhisasmito.com/msic/wp-content/plugins/jeg-elementor-kit/assets/fonts/jkiticon/jkiticonfc3c.css]
[three.rudhisasmito.com/msic/wp-content/plugins/elementor/assets/lib/font-awesome/css/brands.min52d5.css]
[three.rudhisasmito.com/msic/wp-content/plugins/elementor/assets/lib/font-awesome/css/regular.min52d5.css]
[three.rudhisasmito.com/msic/wp-content/plugins/elementor/assets/css/widget-icon-list.min.css]
[three.rudhisasmito.com/msic/wp-content/uploads/sites/3/elementor/css/post-1949633.css]
[three.rudhisasmito.com/msic/wp-content/plugins/metform/public/assets/css/metform-uie1e3.css]
[three.rudhisasmito.com/msic/wp-content/plugins/metform/public/assets/css/stylee1e3.css]
[three.rudhisasmito.com/msic/wp-content/plugins/jeg-elementor-kit/assets/js/tiny-slider/tiny-sliderf342.css]
[three.rudhisasmito.com/msic/wp-content/plugins/jeg-elementor-kit/assets/fonts/jkiticon/jkiticon7107.svg]
